// Jest Snapshot v1, https://goo.gl/fbAQLP

exports[`should render error message passed as props 1`] = `
<div>
  <small
    class="text-sm flex items-center mt-2"
  >
    <svg
      aria-hidden="true"
      class="h-4 w-4 text-red-500 mr-1"
      fill="currentColor"
      viewBox="0 0 20 20"
      xmlns="http://www.w3.org/2000/svg"
    >
      <path
        clip-rule="evenodd"
        d="M18 10a8 8 0 11-16 0 8 8 0 0116 0zm-7-4a1 1 0 11-2 0 1 1 0 012 0zM9 9a1 1 0 000 2v3a1 1 0 001 1h1a1 1 0 100-2v-3a1 1 0 00-1-1H9z"
        fill-rule="evenodd"
      />
    </svg>
    <span
      class="text-gray-600"
    >
      This is an error message
    </span>
  </small>
</div>
`;
